{"synthetic": false,
 "schemaVersion": "2025-09-10",
 "outputs":
 {"o": ["842c27a8ad465de3.olean"],
  "i": "7c1bfd8726e00232.ilean",
  "c": "ea2276e239db7179.c"},
 "log":
 [{"message":
   ".> LEAN_PATH=/Users/yotamg/Downloads/output-final_aristotle 9/.lake/packages/Cli/.lake/build/lib/lean:/Users/yotamg/Downloads/output-final_aristotle 9/.lake/packages/batteries/.lake/build/lib/lean:/Users/yotamg/Downloads/output-final_aristotle 9/.lake/packages/Qq/.lake/build/lib/lean:/Users/yotamg/Downloads/output-final_aristotle 9/.lake/packages/aesop/.lake/build/lib/lean:/Users/yotamg/Downloads/output-final_aristotle 9/.lake/packages/proofwidgets/.lake/build/lib/lean:/Users/yotamg/Downloads/output-final_aristotle 9/.lake/packages/importGraph/.lake/build/lib/lean:/Users/yotamg/Downloads/output-final_aristotle 9/.lake/packages/LeanSearchClient/.lake/build/lib/lean:/Users/yotamg/Downloads/output-final_aristotle 9/.lake/packages/plausible/.lake/build/lib/lean:/Users/yotamg/Downloads/output-final_aristotle 9/.lake/packages/mathlib/.lake/build/lib/lean:/Users/yotamg/Downloads/output-final_aristotle 9/.lake/build/lib/lean /Users/yotamg/.elan/toolchains/leanprover--lean4---v4.28.0/bin/lean /Users/yotamg/Downloads/output-final_aristotle 9/RequestProject/All.lean -o /Users/yotamg/Downloads/output-final_aristotle 9/.lake/build/lib/lean/RequestProject/All.olean -i /Users/yotamg/Downloads/output-final_aristotle 9/.lake/build/lib/lean/RequestProject/All.ilean -c /Users/yotamg/Downloads/output-final_aristotle 9/.lake/build/ir/RequestProject/All.c --setup /Users/yotamg/Downloads/output-final_aristotle 9/.lake/build/ir/RequestProject/All.setup.json --json",
   "level": "trace"}],
 "inputs":
 [["RequestProject.All:deps",
   [["deps",
     [["RequestProject/RequestProject:extraDep",
       [["@RequestProject:extraDep", "00000000000006bb"]]],
      ["imports",
       [["Mathlib transitive imports (legacy)", "a6990444ef58234f"],
        ["Mathlib:importAllArts", "8fc2a9ec06d95bdc"],
        ["RequestProject.Selling transitive imports (legacy)",
         "9fd507ef330a245a"],
        ["RequestProject.Selling:importAllArts", "d3ae47d164794adb"],
        ["RequestProject.SmallN transitive imports (legacy)",
         "2579b66e8e2cbf11"],
        ["RequestProject.SmallN:importAllArts", "e0ae9a7b1427e7bc"],
        ["RequestProject.MMSPartition transitive imports (legacy)",
         "a61f33369202f701"],
        ["RequestProject.MMSPartition:importAllArts", "4c45b73c56368d0a"],
        ["RequestProject.TwoAgents transitive imports (legacy)",
         "a4495f3b7e91bf02"],
        ["RequestProject.TwoAgents:importAllArts", "c840019caff20516"],
        ["RequestProject.TPSCompute transitive imports (legacy)",
         "2579b66e8e2cbf11"],
        ["RequestProject.TPSCompute:importAllArts", "e457895687fe94c7"],
        ["RequestProject.TPSApprox transitive imports (legacy)",
         "cb98cc51ea599728"],
        ["RequestProject.TPSApprox:importAllArts", "ac11c22c0c9469df"],
        ["RequestProject.TPSSefx transitive imports (legacy)",
         "e2917df21495a28e"],
        ["RequestProject.TPSSefx:importAllArts", "68169d5920875609"],
        ["RequestProject.TPSSefxExamples transitive imports (legacy)",
         "8549919fef2d6e4b"],
        ["RequestProject.TPSSefxExamples:importAllArts", "0508f6162c0d8f14"],
        ["RequestProject.TPSSefxZero transitive imports (legacy)",
         "4f0cb07052a7bbcb"],
        ["RequestProject.TPSSefxZero:importAllArts", "7de737c41e181056"],
        ["RequestProject.TPSSefxGeneral transitive imports (legacy)",
         "80db16e79240791e"],
        ["RequestProject.TPSSefxGeneral:importAllArts", "c5d27a72c9b96e46"],
        ["RequestProject.TPSSefxMoney transitive imports (legacy)",
         "1a6150da4e510019"],
        ["RequestProject.TPSSefxMoney:importAllArts", "e1c23ce9663b43ed"],
        ["RequestProject.TPSSefxCharge transitive imports (legacy)",
         "5f6bb92585637f20"],
        ["RequestProject.TPSSefxCharge:importAllArts", "1aed6f459685820b"],
        ["RequestProject.TPSSefxServe transitive imports (legacy)",
         "516420b335c397c1"],
        ["RequestProject.TPSSefxServe:importAllArts", "7deaed24f3d7dc95"],
        ["RequestProject.TPSSefxConfig transitive imports (legacy)",
         "a4cdef963d620c3c"],
        ["RequestProject.TPSSefxConfig:importAllArts", "2f3e0ed5ea5754b9"],
        ["RequestProject.TPSSefxStep transitive imports (legacy)",
         "301fb28d2a123951"],
        ["RequestProject.TPSSefxStep:importAllArts", "3a0160f23361bbcc"],
        ["RequestProject.TPSSefxPhase transitive imports (legacy)",
         "301fb28d2a123951"],
        ["RequestProject.TPSSefxPhase:importAllArts", "ddce409ada0d4beb"],
        ["RequestProject.TPSSefxPhaseStep transitive imports (legacy)",
         "70a9935f4bb1aa81"],
        ["RequestProject.TPSSefxPhaseStep:importAllArts", "58d30a206d213d01"],
        ["RequestProject.TPSSefxPhaseImp transitive imports (legacy)",
         "e321aa6c30c11d32"],
        ["RequestProject.TPSSefxPhaseImp:importAllArts", "290c8b75ae0a9048"],
        ["RequestProject.TPSSefxPot transitive imports (legacy)",
         "5ad813b4782ba9f7"],
        ["RequestProject.TPSSefxPot:importAllArts", "4297c66418b762a3"],
        ["RequestProject.TPSSefxPotStep transitive imports (legacy)",
         "d211b6636ef37b69"],
        ["RequestProject.TPSSefxPotStep:importAllArts", "4c0838917fc9dc6a"],
        ["RequestProject.TPSSefxPotImp transitive imports (legacy)",
         "b7dd5f652a1e76dd"],
        ["RequestProject.TPSSefxPotImp:importAllArts", "e67fe6686741e6fd"],
        ["RequestProject.TPSSefxMixedExample transitive imports (legacy)",
         "81c9d79eebdceca7"],
        ["RequestProject.TPSSefxMixedExample:importAllArts",
         "00bf76410a322b80"],
        ["RequestProject.TPSSefxTheorem2 transitive imports (legacy)",
         "34fee5f0c70b3c5c"],
        ["RequestProject.TPSSefxTheorem2:importAllArts", "8b1815e1ea6001ab"],
        ["RequestProject.TPSSefxSharing transitive imports (legacy)",
         "5edcb057a6de4d90"],
        ["RequestProject.TPSSefxSharing:importAllArts", "1e281e0e2aba31d3"],
        ["RequestProject.ThreeAgents transitive imports (legacy)",
         "79702369b5ab11fb"],
        ["RequestProject.ThreeAgents:importAllArts", "2a49b5bc5e294eaf"],
        ["RequestProject.CanonicalPartition transitive imports (legacy)",
         "e9c26ef53c281eb7"],
        ["RequestProject.CanonicalPartition:importAllArts", "e4aaea80bb8f9bfe"],
        ["RequestProject.CanonicalStrict transitive imports (legacy)",
         "a0f28a0c802f422b"],
        ["RequestProject.CanonicalStrict:importAllArts", "e335764068b5166e"],
        ["RequestProject.Matching transitive imports (legacy)",
         "9fd507ef330a245a"],
        ["RequestProject.Matching:importAllArts", "9c778b1249aca37c"],
        ["RequestProject.MatchingPhase transitive imports (legacy)",
         "8546e0a589ae6975"],
        ["RequestProject.MatchingPhase:importAllArts", "6561aa9e104f5b4f"],
        ["RequestProject.ConfigSplit transitive imports (legacy)",
         "eb90257661966554"],
        ["RequestProject.ConfigSplit:importAllArts", "23d63ddb1bcfad3d"],
        ["RequestProject.ThreeAgentCash transitive imports (legacy)",
         "bd132ba965289392"],
        ["RequestProject.ThreeAgentCash:importAllArts", "6137fb503a4d4d06"],
        ["RequestProject.ThreeAgentCashComposition transitive imports (legacy)",
         "0fe2891046f657b0"],
        ["RequestProject.ThreeAgentCashComposition:importAllArts",
         "a657977e98fc9ac2"],
        ["RequestProject.ThreeAgentReduction transitive imports (legacy)",
         "73d1a0a1b288c8da"],
        ["RequestProject.ThreeAgentReduction:importAllArts",
         "0524000301e5f0c5"],
        ["RequestProject.LemmaFourResidual transitive imports (legacy)",
         "556010da76420dd0"],
        ["RequestProject.LemmaFourResidual:importAllArts", "ce15692273e4cf83"],
        ["RequestProject.LemmaFourNecessity transitive imports (legacy)",
         "eb90257661966554"],
        ["RequestProject.LemmaFourNecessity:importAllArts", "69aabcff0e79c324"],
        ["RequestProject.PreliminaryPhase transitive imports (legacy)",
         "cdfe346650bc5a41"],
        ["RequestProject.PreliminaryPhase:importAllArts", "bfd7d1c5024cc220"],
        ["RequestProject.ThreeAgentTheorem transitive imports (legacy)",
         "74a08a5a3fe1a229"],
        ["RequestProject.ThreeAgentTheorem:importAllArts", "1086acc01e9e5663"],
        ["RequestProject.EquiMMS transitive imports (legacy)",
         "47a36717b49c2761"],
        ["RequestProject.EquiMMS:importAllArts", "ffcfc98823654f42"],
        ["RequestProject.TwoThirdsMatching transitive imports (legacy)",
         "9fd507ef330a245a"],
        ["RequestProject.TwoThirdsMatching:importAllArts", "42c5354f5bd97acd"],
        ["RequestProject.TwoThirdsCanonical transitive imports (legacy)",
         "f7a9aad0695f96c3"],
        ["RequestProject.TwoThirdsCanonical:importAllArts", "b77bc4799b74566e"],
        ["RequestProject.TwoThirdsLoss transitive imports (legacy)",
         "eaf14454b2cb9a3e"],
        ["RequestProject.TwoThirdsLoss:importAllArts", "31f4cf2d7417c2b2"],
        ["RequestProject.TwoThirdsBudget transitive imports (legacy)",
         "33792b2c46522e2d"],
        ["RequestProject.TwoThirdsBudget:importAllArts", "81f92f784aa39f98"],
        ["RequestProject.TwoThirdsProp6 transitive imports (legacy)",
         "84a84f559a70da2f"],
        ["RequestProject.TwoThirdsProp6:importAllArts", "413159b6130bc2fe"],
        ["RequestProject.TwoThirdsGlue transitive imports (legacy)",
         "432eddc0862c9d47"],
        ["RequestProject.TwoThirdsGlue:importAllArts", "8a9b039a4a37dc60"],
        ["RequestProject.TwoThirdsDescent transitive imports (legacy)",
         "599f6feddc631752"],
        ["RequestProject.TwoThirdsDescent:importAllArts", "9a0ec970b3a70528"],
        ["RequestProject.TwoThirdsLemma9 transitive imports (legacy)",
         "4c4ccc52b448019c"],
        ["RequestProject.TwoThirdsLemma9:importAllArts", "21181d6d32e43c75"],
        ["RequestProject.TwoThirds transitive imports (legacy)",
         "0acd12d9772986c6"],
        ["RequestProject.TwoThirds:importAllArts", "d1c173d8159cc73a"],
        ["RequestProject.TwoThirdsBagFilling transitive imports (legacy)",
         "9fd507ef330a245a"],
        ["RequestProject.TwoThirdsBagFilling:importAllArts",
         "d4bfcd83d773a531"],
        ["RequestProject.TwoThirdsReduction transitive imports (legacy)",
         "9fd507ef330a245a"],
        ["RequestProject.TwoThirdsReduction:importAllArts", "8f5c977be1a98bd8"],
        ["RequestProject.TwoThirdsFull transitive imports (legacy)",
         "3ed1c82bbbff1e3e"],
        ["RequestProject.TwoThirdsFull:importAllArts", "daf78fb2a509dfa1"],
        ["RequestProject.Examples transitive imports (legacy)",
         "6f86d5ad65229d91"],
        ["RequestProject.Examples:importAllArts", "81dcc609987380d2"],
        ["RequestProject.EnvyRelaxation transitive imports (legacy)",
         "0f71fb3be5e8c60a"],
        ["RequestProject.EnvyRelaxation:importAllArts", "e4b04b7b8c013ca1"],
        ["RequestProject.FeigeNorkin transitive imports (legacy)",
         "9fd507ef330a245a"],
        ["RequestProject.FeigeNorkin:importAllArts", "6e418d5bbe6e4f19"],
        ["RequestProject.ElevenTwelfths transitive imports (legacy)",
         "aa5112d509c74377"],
        ["RequestProject.ElevenTwelfths:importAllArts", "10910cb8ecb2b1fc"],
        ["RequestProject.EpsEnvy transitive imports (legacy)",
         "2579b66e8e2cbf11"],
        ["RequestProject.EpsEnvy:importAllArts", "e1eb465e0e2b43cd"],
        ["RequestProject.LemmaTen transitive imports (legacy)",
         "f6b580ec0cf2de73"],
        ["RequestProject.LemmaTen:importAllArts", "66c86ef5662102b9"],
        ["RequestProject.LemmaEleven transitive imports (legacy)",
         "f6b580ec0cf2de73"],
        ["RequestProject.LemmaEleven:importAllArts", "a14294a0845395a5"],
        ["RequestProject.ChoresModel transitive imports (legacy)",
         "9fd507ef330a245a"],
        ["RequestProject.ChoresModel:importAllArts", "5029cfc816a80bb4"],
        ["RequestProject.ChoresEnvy transitive imports (legacy)",
         "303ed0bbfa32e7e2"],
        ["RequestProject.ChoresEnvy:importAllArts", "ae986151441b71a8"],
        ["RequestProject.ChoresPreAlloc transitive imports (legacy)",
         "303ed0bbfa32e7e2"],
        ["RequestProject.ChoresPreAlloc:importAllArts", "118bcaf3708d6845"],
        ["RequestProject.ChoresBagLemma transitive imports (legacy)",
         "303ed0bbfa32e7e2"],
        ["RequestProject.ChoresBagLemma:importAllArts", "fbdf11274aac69b4"],
        ["RequestProject.ChoresBagFilling transitive imports (legacy)",
         "6453f2b510d71f28"],
        ["RequestProject.ChoresBagFilling:importAllArts", "25e22cff53b343ee"],
        ["RequestProject.ChoresMMSApprox transitive imports (legacy)",
         "54390d6269b84665"],
        ["RequestProject.ChoresMMSApprox:importAllArts", "cacf1680e5474e63"],
        ["RequestProject.ChoresExamples transitive imports (legacy)",
         "303ed0bbfa32e7e2"],
        ["RequestProject.ChoresExamples:importAllArts", "1964544aa7566e07"],
        ["RequestProject.ChoresMMSPartition transitive imports (legacy)",
         "303ed0bbfa32e7e2"],
        ["RequestProject.ChoresMMSPartition:importAllArts", "a578e978516d0a8a"],
        ["RequestProject.ChoresTwoAgents transitive imports (legacy)",
         "b50d30eab08971f9"],
        ["RequestProject.ChoresTwoAgents:importAllArts", "33b8a6d8d48c4e03"],
        ["RequestProject.FeigeNorkinChores transitive imports (legacy)",
         "9fd507ef330a245a"],
        ["RequestProject.FeigeNorkinChores:importAllArts", "e5466ba6224b4bed"],
        ["RequestProject.NineteenEighteenths transitive imports (legacy)",
         "52b1851d91ef2404"],
        ["RequestProject.NineteenEighteenths:importAllArts",
         "7529c5194c91b394"],
        ["RequestProject.EqualProceeds transitive imports (legacy)",
         "2579b66e8e2cbf11"],
        ["RequestProject.EqualProceeds:importAllArts", "b94ed9cdf71ea2f8"],
        ["RequestProject.EqualProceedsExamples transitive imports (legacy)",
         "6ba357b840837e12"],
        ["RequestProject.EqualProceedsExamples:importAllArts",
         "17198a32eb2de8ec"],
        ["RequestProject.EqualProceedsBagFilling transitive imports (legacy)",
         "020611cc0f2a9e33"],
        ["RequestProject.EqualProceedsBagFilling:importAllArts",
         "c17ffc9cb27dd04a"]]]]],
    ["libs",
     [["import dynlibs", "00000000000006bb"],
      ["package external libraries", "00000000000006bb"],
      ["module dynlibs", "00000000000006bb"],
      ["module plugins", "00000000000006bb"]]]]],
  ["Lean 4.28.0, commit 7e01a1bf5c70fc6167d49c345d3bf80596e9a79b",
   "a96bc04a2e5e9630"],
  ["/Users/yotamg/Downloads/output-final_aristotle 9/RequestProject/All.lean",
   "6262feb9a96d44f7"],
  ["options", "00000000000006bb"],
  ["Module.leanArgs: #[]", "00000000000006bb"]],
 "depHash": "8accc84e7320601a"}