{"synthetic": false,
 "schemaVersion": "2025-09-10",
 "outputs":
 {"o": ["6af1def1f16fc452.olean"],
  "i": "8f29ecd453dc8f76.ilean",
  "c": "25f88197bb91927c.c"},
 "log":
 [{"message":
   ".> LEAN_PATH=/Users/yotamg/Downloads/output-final_aristotle 9/.lake/packages/Cli/.lake/build/lib/lean:/Users/yotamg/Downloads/output-final_aristotle 9/.lake/packages/batteries/.lake/build/lib/lean:/Users/yotamg/Downloads/output-final_aristotle 9/.lake/packages/Qq/.lake/build/lib/lean:/Users/yotamg/Downloads/output-final_aristotle 9/.lake/packages/aesop/.lake/build/lib/lean:/Users/yotamg/Downloads/output-final_aristotle 9/.lake/packages/proofwidgets/.lake/build/lib/lean:/Users/yotamg/Downloads/output-final_aristotle 9/.lake/packages/importGraph/.lake/build/lib/lean:/Users/yotamg/Downloads/output-final_aristotle 9/.lake/packages/LeanSearchClient/.lake/build/lib/lean:/Users/yotamg/Downloads/output-final_aristotle 9/.lake/packages/plausible/.lake/build/lib/lean:/Users/yotamg/Downloads/output-final_aristotle 9/.lake/packages/mathlib/.lake/build/lib/lean:/Users/yotamg/Downloads/output-final_aristotle 9/.lake/build/lib/lean /Users/yotamg/.elan/toolchains/leanprover--lean4---v4.28.0/bin/lean /Users/yotamg/Downloads/output-final_aristotle 9/RequestProject/CanonicalStrict.lean -o /Users/yotamg/Downloads/output-final_aristotle 9/.lake/build/lib/lean/RequestProject/CanonicalStrict.olean -i /Users/yotamg/Downloads/output-final_aristotle 9/.lake/build/lib/lean/RequestProject/CanonicalStrict.ilean -c /Users/yotamg/Downloads/output-final_aristotle 9/.lake/build/ir/RequestProject/CanonicalStrict.c --setup /Users/yotamg/Downloads/output-final_aristotle 9/.lake/build/ir/RequestProject/CanonicalStrict.setup.json --json",
   "level": "trace"}],
 "inputs":
 [["RequestProject.CanonicalStrict:deps",
   [["deps",
     [["RequestProject/RequestProject:extraDep",
       [["@RequestProject:extraDep", "00000000000006bb"]]],
      ["imports",
       [["Mathlib transitive imports (legacy)", "a6990444ef58234f"],
        ["Mathlib:importAllArts", "8fc2a9ec06d95bdc"],
        ["RequestProject.CanonicalPartition transitive imports (legacy)",
         "e9c26ef53c281eb7"],
        ["RequestProject.CanonicalPartition:importAllArts", "e4aaea80bb8f9bfe"],
        ["RequestProject.MatchingPhase transitive imports (legacy)",
         "8546e0a589ae6975"],
        ["RequestProject.MatchingPhase:importAllArts", "6561aa9e104f5b4f"]]]]],
    ["libs",
     [["import dynlibs", "00000000000006bb"],
      ["package external libraries", "00000000000006bb"],
      ["module dynlibs", "00000000000006bb"],
      ["module plugins", "00000000000006bb"]]]]],
  ["Lean 4.28.0, commit 7e01a1bf5c70fc6167d49c345d3bf80596e9a79b",
   "a96bc04a2e5e9630"],
  ["/Users/yotamg/Downloads/output-final_aristotle 9/RequestProject/CanonicalStrict.lean",
   "eaabefadf5e77616"],
  ["options", "00000000000006bb"],
  ["Module.leanArgs: #[]", "00000000000006bb"]],
 "depHash": "33cac684a1a34bbd"}