{"synthetic": false,
 "schemaVersion": "2025-09-10",
 "outputs":
 {"o": ["6039546928b0a7a4.olean"],
  "i": "ace808e89ed7a05f.ilean",
  "c": "9eed077a8a7011b0.c"},
 "log":
 [{"message":
   ".> LEAN_PATH=/Users/yotamg/Downloads/output-final_aristotle 9/.lake/packages/Cli/.lake/build/lib/lean:/Users/yotamg/Downloads/output-final_aristotle 9/.lake/packages/batteries/.lake/build/lib/lean:/Users/yotamg/Downloads/output-final_aristotle 9/.lake/packages/Qq/.lake/build/lib/lean:/Users/yotamg/Downloads/output-final_aristotle 9/.lake/packages/aesop/.lake/build/lib/lean:/Users/yotamg/Downloads/output-final_aristotle 9/.lake/packages/proofwidgets/.lake/build/lib/lean:/Users/yotamg/Downloads/output-final_aristotle 9/.lake/packages/importGraph/.lake/build/lib/lean:/Users/yotamg/Downloads/output-final_aristotle 9/.lake/packages/LeanSearchClient/.lake/build/lib/lean:/Users/yotamg/Downloads/output-final_aristotle 9/.lake/packages/plausible/.lake/build/lib/lean:/Users/yotamg/Downloads/output-final_aristotle 9/.lake/packages/mathlib/.lake/build/lib/lean:/Users/yotamg/Downloads/output-final_aristotle 9/.lake/build/lib/lean /Users/yotamg/.elan/toolchains/leanprover--lean4---v4.28.0/bin/lean /Users/yotamg/Downloads/output-final_aristotle 9/RequestProject/ChoresBagLemma.lean -o /Users/yotamg/Downloads/output-final_aristotle 9/.lake/build/lib/lean/RequestProject/ChoresBagLemma.olean -i /Users/yotamg/Downloads/output-final_aristotle 9/.lake/build/lib/lean/RequestProject/ChoresBagLemma.ilean -c /Users/yotamg/Downloads/output-final_aristotle 9/.lake/build/ir/RequestProject/ChoresBagLemma.c --setup /Users/yotamg/Downloads/output-final_aristotle 9/.lake/build/ir/RequestProject/ChoresBagLemma.setup.json --json",
   "level": "trace"}],
 "inputs":
 [["RequestProject.ChoresBagLemma:deps",
   [["deps",
     [["RequestProject/RequestProject:extraDep",
       [["@RequestProject:extraDep", "00000000000006bb"]]],
      ["imports",
       [["Mathlib transitive imports (legacy)", "a6990444ef58234f"],
        ["Mathlib:importAllArts", "8fc2a9ec06d95bdc"],
        ["RequestProject.ChoresModel transitive imports (legacy)",
         "9fd507ef330a245a"],
        ["RequestProject.ChoresModel:importAllArts", "5029cfc816a80bb4"]]]]],
    ["libs",
     [["import dynlibs", "00000000000006bb"],
      ["package external libraries", "00000000000006bb"],
      ["module dynlibs", "00000000000006bb"],
      ["module plugins", "00000000000006bb"]]]]],
  ["Lean 4.28.0, commit 7e01a1bf5c70fc6167d49c345d3bf80596e9a79b",
   "a96bc04a2e5e9630"],
  ["/Users/yotamg/Downloads/output-final_aristotle 9/RequestProject/ChoresBagLemma.lean",
   "78ac0a32766ffd68"],
  ["options", "00000000000006bb"],
  ["Module.leanArgs: #[]", "00000000000006bb"]],
 "depHash": "e5160f6465b3ae68"}