{"synthetic": false,
 "schemaVersion": "2025-09-10",
 "outputs":
 {"o": ["66890789ff8186bc.olean"],
  "i": "4b19c484dc1eb2d5.ilean",
  "c": "28e7d34299de01c4.c"},
 "log":
 [{"message":
   ".> LEAN_PATH=/Users/yotamg/Downloads/output-final_aristotle 9/.lake/packages/Cli/.lake/build/lib/lean:/Users/yotamg/Downloads/output-final_aristotle 9/.lake/packages/batteries/.lake/build/lib/lean:/Users/yotamg/Downloads/output-final_aristotle 9/.lake/packages/Qq/.lake/build/lib/lean:/Users/yotamg/Downloads/output-final_aristotle 9/.lake/packages/aesop/.lake/build/lib/lean:/Users/yotamg/Downloads/output-final_aristotle 9/.lake/packages/proofwidgets/.lake/build/lib/lean:/Users/yotamg/Downloads/output-final_aristotle 9/.lake/packages/importGraph/.lake/build/lib/lean:/Users/yotamg/Downloads/output-final_aristotle 9/.lake/packages/LeanSearchClient/.lake/build/lib/lean:/Users/yotamg/Downloads/output-final_aristotle 9/.lake/packages/plausible/.lake/build/lib/lean:/Users/yotamg/Downloads/output-final_aristotle 9/.lake/packages/mathlib/.lake/build/lib/lean:/Users/yotamg/Downloads/output-final_aristotle 9/.lake/build/lib/lean /Users/yotamg/.elan/toolchains/leanprover--lean4---v4.28.0/bin/lean /Users/yotamg/Downloads/output-final_aristotle 9/RequestProject/EnvyRelaxation.lean -o /Users/yotamg/Downloads/output-final_aristotle 9/.lake/build/lib/lean/RequestProject/EnvyRelaxation.olean -i /Users/yotamg/Downloads/output-final_aristotle 9/.lake/build/lib/lean/RequestProject/EnvyRelaxation.ilean -c /Users/yotamg/Downloads/output-final_aristotle 9/.lake/build/ir/RequestProject/EnvyRelaxation.c --setup /Users/yotamg/Downloads/output-final_aristotle 9/.lake/build/ir/RequestProject/EnvyRelaxation.setup.json --json",
   "level": "trace"}],
 "inputs":
 [["RequestProject.EnvyRelaxation:deps",
   [["deps",
     [["RequestProject/RequestProject:extraDep",
       [["@RequestProject:extraDep", "00000000000006bb"]]],
      ["imports",
       [["Mathlib transitive imports (legacy)", "a6990444ef58234f"],
        ["Mathlib:importAllArts", "8fc2a9ec06d95bdc"],
        ["RequestProject.EpsEnvy transitive imports (legacy)",
         "2579b66e8e2cbf11"],
        ["RequestProject.EpsEnvy:importAllArts", "e1eb465e0e2b43cd"],
        ["RequestProject.LemmaTen transitive imports (legacy)",
         "f6b580ec0cf2de73"],
        ["RequestProject.LemmaTen:importAllArts", "66c86ef5662102b9"]]]]],
    ["libs",
     [["import dynlibs", "00000000000006bb"],
      ["package external libraries", "00000000000006bb"],
      ["module dynlibs", "00000000000006bb"],
      ["module plugins", "00000000000006bb"]]]]],
  ["Lean 4.28.0, commit 7e01a1bf5c70fc6167d49c345d3bf80596e9a79b",
   "a96bc04a2e5e9630"],
  ["/Users/yotamg/Downloads/output-final_aristotle 9/RequestProject/EnvyRelaxation.lean",
   "43b953338e4eae2c"],
  ["options", "00000000000006bb"],
  ["Module.leanArgs: #[]", "00000000000006bb"]],
 "depHash": "28eb68b6c481767b"}