{"synthetic": false,
 "schemaVersion": "2025-09-10",
 "outputs":
 {"o": ["1de9bc92c12438d1.olean"],
  "i": "a4458aa23d40473f.ilean",
  "c": "d64282e6890a2fc8.c"},
 "log":
 [{"message":
   ".> LEAN_PATH=/Users/yotamg/Downloads/output-final_aristotle 9/.lake/packages/Cli/.lake/build/lib/lean:/Users/yotamg/Downloads/output-final_aristotle 9/.lake/packages/batteries/.lake/build/lib/lean:/Users/yotamg/Downloads/output-final_aristotle 9/.lake/packages/Qq/.lake/build/lib/lean:/Users/yotamg/Downloads/output-final_aristotle 9/.lake/packages/aesop/.lake/build/lib/lean:/Users/yotamg/Downloads/output-final_aristotle 9/.lake/packages/proofwidgets/.lake/build/lib/lean:/Users/yotamg/Downloads/output-final_aristotle 9/.lake/packages/importGraph/.lake/build/lib/lean:/Users/yotamg/Downloads/output-final_aristotle 9/.lake/packages/LeanSearchClient/.lake/build/lib/lean:/Users/yotamg/Downloads/output-final_aristotle 9/.lake/packages/plausible/.lake/build/lib/lean:/Users/yotamg/Downloads/output-final_aristotle 9/.lake/packages/mathlib/.lake/build/lib/lean:/Users/yotamg/Downloads/output-final_aristotle 9/.lake/build/lib/lean /Users/yotamg/.elan/toolchains/leanprover--lean4---v4.28.0/bin/lean /Users/yotamg/Downloads/output-final_aristotle 9/RequestProject/TPSSefxPotStep.lean -o /Users/yotamg/Downloads/output-final_aristotle 9/.lake/build/lib/lean/RequestProject/TPSSefxPotStep.olean -i /Users/yotamg/Downloads/output-final_aristotle 9/.lake/build/lib/lean/RequestProject/TPSSefxPotStep.ilean -c /Users/yotamg/Downloads/output-final_aristotle 9/.lake/build/ir/RequestProject/TPSSefxPotStep.c --setup /Users/yotamg/Downloads/output-final_aristotle 9/.lake/build/ir/RequestProject/TPSSefxPotStep.setup.json --json",
   "level": "trace"}],
 "inputs":
 [["RequestProject.TPSSefxPotStep:deps",
   [["deps",
     [["RequestProject/RequestProject:extraDep",
       [["@RequestProject:extraDep", "00000000000006bb"]]],
      ["imports",
       [["Mathlib transitive imports (legacy)", "a6990444ef58234f"],
        ["Mathlib:importAllArts", "8fc2a9ec06d95bdc"],
        ["RequestProject.TPSSefxPot transitive imports (legacy)",
         "5ad813b4782ba9f7"],
        ["RequestProject.TPSSefxPot:importAllArts", "4297c66418b762a3"]]]]],
    ["libs",
     [["import dynlibs", "00000000000006bb"],
      ["package external libraries", "00000000000006bb"],
      ["module dynlibs", "00000000000006bb"],
      ["module plugins", "00000000000006bb"]]]]],
  ["Lean 4.28.0, commit 7e01a1bf5c70fc6167d49c345d3bf80596e9a79b",
   "a96bc04a2e5e9630"],
  ["/Users/yotamg/Downloads/output-final_aristotle 9/RequestProject/TPSSefxPotStep.lean",
   "9f5244ad4438d944"],
  ["options", "00000000000006bb"],
  ["Module.leanArgs: #[]", "00000000000006bb"]],
 "depHash": "f37a205eb3e74a62"}