{"synthetic": false,
 "schemaVersion": "2025-09-10",
 "outputs":
 {"o": ["241e9b637142ecfd.olean"],
  "i": "1d1b9d35af21fede.ilean",
  "c": "475e7d5e431ed824.c"},
 "log":
 [{"message":
   ".> LEAN_PATH=/Users/yotamg/Downloads/output-final_aristotle 9/.lake/packages/Cli/.lake/build/lib/lean:/Users/yotamg/Downloads/output-final_aristotle 9/.lake/packages/batteries/.lake/build/lib/lean:/Users/yotamg/Downloads/output-final_aristotle 9/.lake/packages/Qq/.lake/build/lib/lean:/Users/yotamg/Downloads/output-final_aristotle 9/.lake/packages/aesop/.lake/build/lib/lean:/Users/yotamg/Downloads/output-final_aristotle 9/.lake/packages/proofwidgets/.lake/build/lib/lean:/Users/yotamg/Downloads/output-final_aristotle 9/.lake/packages/importGraph/.lake/build/lib/lean:/Users/yotamg/Downloads/output-final_aristotle 9/.lake/packages/LeanSearchClient/.lake/build/lib/lean:/Users/yotamg/Downloads/output-final_aristotle 9/.lake/packages/plausible/.lake/build/lib/lean:/Users/yotamg/Downloads/output-final_aristotle 9/.lake/packages/mathlib/.lake/build/lib/lean:/Users/yotamg/Downloads/output-final_aristotle 9/.lake/build/lib/lean /Users/yotamg/.elan/toolchains/leanprover--lean4---v4.28.0/bin/lean /Users/yotamg/Downloads/output-final_aristotle 9/RequestProject/TPSSefxMoney.lean -o /Users/yotamg/Downloads/output-final_aristotle 9/.lake/build/lib/lean/RequestProject/TPSSefxMoney.olean -i /Users/yotamg/Downloads/output-final_aristotle 9/.lake/build/lib/lean/RequestProject/TPSSefxMoney.ilean -c /Users/yotamg/Downloads/output-final_aristotle 9/.lake/build/ir/RequestProject/TPSSefxMoney.c --setup /Users/yotamg/Downloads/output-final_aristotle 9/.lake/build/ir/RequestProject/TPSSefxMoney.setup.json --json",
   "level": "trace"},
  {"message":
   "RequestProject/TPSSefxMoney.lean:229:4: try 'simp' instead of 'simpa'\n\nNote: This linter can be disabled with `set_option linter.unnecessarySimpa false`",
   "level": "warning"}],
 "inputs":
 [["RequestProject.TPSSefxMoney:deps",
   [["deps",
     [["RequestProject/RequestProject:extraDep",
       [["@RequestProject:extraDep", "00000000000006bb"]]],
      ["imports",
       [["Mathlib transitive imports (legacy)", "a6990444ef58234f"],
        ["Mathlib:importAllArts", "8fc2a9ec06d95bdc"],
        ["RequestProject.Selling transitive imports (legacy)",
         "9fd507ef330a245a"],
        ["RequestProject.Selling:importAllArts", "d3ae47d164794adb"],
        ["RequestProject.EpsEnvy transitive imports (legacy)",
         "2579b66e8e2cbf11"],
        ["RequestProject.EpsEnvy:importAllArts", "e1eb465e0e2b43cd"],
        ["RequestProject.LemmaEleven transitive imports (legacy)",
         "f6b580ec0cf2de73"],
        ["RequestProject.LemmaEleven:importAllArts", "a14294a0845395a5"],
        ["RequestProject.TPSApprox transitive imports (legacy)",
         "cb98cc51ea599728"],
        ["RequestProject.TPSApprox:importAllArts", "ac11c22c0c9469df"],
        ["RequestProject.TPSCompute transitive imports (legacy)",
         "2579b66e8e2cbf11"],
        ["RequestProject.TPSCompute:importAllArts", "e457895687fe94c7"],
        ["RequestProject.TPSSefx transitive imports (legacy)",
         "e2917df21495a28e"],
        ["RequestProject.TPSSefx:importAllArts", "68169d5920875609"],
        ["RequestProject.TPSSefxGeneral transitive imports (legacy)",
         "80db16e79240791e"],
        ["RequestProject.TPSSefxGeneral:importAllArts", "c5d27a72c9b96e46"]]]]],
    ["libs",
     [["import dynlibs", "00000000000006bb"],
      ["package external libraries", "00000000000006bb"],
      ["module dynlibs", "00000000000006bb"],
      ["module plugins", "00000000000006bb"]]]]],
  ["Lean 4.28.0, commit 7e01a1bf5c70fc6167d49c345d3bf80596e9a79b",
   "a96bc04a2e5e9630"],
  ["/Users/yotamg/Downloads/output-final_aristotle 9/RequestProject/TPSSefxMoney.lean",
   "ebb9a067eb9c76bb"],
  ["options", "00000000000006bb"],
  ["Module.leanArgs: #[]", "00000000000006bb"]],
 "depHash": "51f388f31d3d9b8c"}