{"synthetic": false,
 "schemaVersion": "2025-09-10",
 "outputs":
 {"o": ["07a66f891a13db9c.olean"],
  "i": "a1fea9998c97f049.ilean",
  "c": "00bf59aef7b0600c.c"},
 "log":
 [{"message":
   ".> LEAN_PATH=/Users/yotamg/Downloads/output-final_aristotle 9/.lake/packages/Cli/.lake/build/lib/lean:/Users/yotamg/Downloads/output-final_aristotle 9/.lake/packages/batteries/.lake/build/lib/lean:/Users/yotamg/Downloads/output-final_aristotle 9/.lake/packages/Qq/.lake/build/lib/lean:/Users/yotamg/Downloads/output-final_aristotle 9/.lake/packages/aesop/.lake/build/lib/lean:/Users/yotamg/Downloads/output-final_aristotle 9/.lake/packages/proofwidgets/.lake/build/lib/lean:/Users/yotamg/Downloads/output-final_aristotle 9/.lake/packages/importGraph/.lake/build/lib/lean:/Users/yotamg/Downloads/output-final_aristotle 9/.lake/packages/LeanSearchClient/.lake/build/lib/lean:/Users/yotamg/Downloads/output-final_aristotle 9/.lake/packages/plausible/.lake/build/lib/lean:/Users/yotamg/Downloads/output-final_aristotle 9/.lake/packages/mathlib/.lake/build/lib/lean:/Users/yotamg/Downloads/output-final_aristotle 9/.lake/build/lib/lean /Users/yotamg/.elan/toolchains/leanprover--lean4---v4.28.0/bin/lean /Users/yotamg/Downloads/output-final_aristotle 9/RequestProject/TPSSefxPhaseStep.lean -o /Users/yotamg/Downloads/output-final_aristotle 9/.lake/build/lib/lean/RequestProject/TPSSefxPhaseStep.olean -i /Users/yotamg/Downloads/output-final_aristotle 9/.lake/build/lib/lean/RequestProject/TPSSefxPhaseStep.ilean -c /Users/yotamg/Downloads/output-final_aristotle 9/.lake/build/ir/RequestProject/TPSSefxPhaseStep.c --setup /Users/yotamg/Downloads/output-final_aristotle 9/.lake/build/ir/RequestProject/TPSSefxPhaseStep.setup.json --json",
   "level": "trace"}],
 "inputs":
 [["RequestProject.TPSSefxPhaseStep:deps",
   [["deps",
     [["RequestProject/RequestProject:extraDep",
       [["@RequestProject:extraDep", "00000000000006bb"]]],
      ["imports",
       [["Mathlib transitive imports (legacy)", "a6990444ef58234f"],
        ["Mathlib:importAllArts", "8fc2a9ec06d95bdc"],
        ["RequestProject.TPSSefxPhase transitive imports (legacy)",
         "301fb28d2a123951"],
        ["RequestProject.TPSSefxPhase:importAllArts", "ddce409ada0d4beb"],
        ["RequestProject.TPSSefxStep transitive imports (legacy)",
         "301fb28d2a123951"],
        ["RequestProject.TPSSefxStep:importAllArts", "3a0160f23361bbcc"]]]]],
    ["libs",
     [["import dynlibs", "00000000000006bb"],
      ["package external libraries", "00000000000006bb"],
      ["module dynlibs", "00000000000006bb"],
      ["module plugins", "00000000000006bb"]]]]],
  ["Lean 4.28.0, commit 7e01a1bf5c70fc6167d49c345d3bf80596e9a79b",
   "a96bc04a2e5e9630"],
  ["/Users/yotamg/Downloads/output-final_aristotle 9/RequestProject/TPSSefxPhaseStep.lean",
   "c9df14350c1f7ae9"],
  ["options", "00000000000006bb"],
  ["Module.leanArgs: #[]", "00000000000006bb"]],
 "depHash": "21e24b9bbe0dc95b"}