{"synthetic": false,
 "schemaVersion": "2025-09-10",
 "outputs":
 {"o": ["46b4e811dd07fc19.olean"],
  "i": "048b37b9be481564.ilean",
  "c": "2561fb70c9a18b6b.c"},
 "log":
 [{"message":
   ".> LEAN_PATH=/Users/yotamg/Downloads/output-final_aristotle 9/.lake/packages/Cli/.lake/build/lib/lean:/Users/yotamg/Downloads/output-final_aristotle 9/.lake/packages/batteries/.lake/build/lib/lean:/Users/yotamg/Downloads/output-final_aristotle 9/.lake/packages/Qq/.lake/build/lib/lean:/Users/yotamg/Downloads/output-final_aristotle 9/.lake/packages/aesop/.lake/build/lib/lean:/Users/yotamg/Downloads/output-final_aristotle 9/.lake/packages/proofwidgets/.lake/build/lib/lean:/Users/yotamg/Downloads/output-final_aristotle 9/.lake/packages/importGraph/.lake/build/lib/lean:/Users/yotamg/Downloads/output-final_aristotle 9/.lake/packages/LeanSearchClient/.lake/build/lib/lean:/Users/yotamg/Downloads/output-final_aristotle 9/.lake/packages/plausible/.lake/build/lib/lean:/Users/yotamg/Downloads/output-final_aristotle 9/.lake/packages/mathlib/.lake/build/lib/lean:/Users/yotamg/Downloads/output-final_aristotle 9/.lake/build/lib/lean /Users/yotamg/.elan/toolchains/leanprover--lean4---v4.28.0/bin/lean /Users/yotamg/Downloads/output-final_aristotle 9/RequestProject/TwoThirds.lean -o /Users/yotamg/Downloads/output-final_aristotle 9/.lake/build/lib/lean/RequestProject/TwoThirds.olean -i /Users/yotamg/Downloads/output-final_aristotle 9/.lake/build/lib/lean/RequestProject/TwoThirds.ilean -c /Users/yotamg/Downloads/output-final_aristotle 9/.lake/build/ir/RequestProject/TwoThirds.c --setup /Users/yotamg/Downloads/output-final_aristotle 9/.lake/build/ir/RequestProject/TwoThirds.setup.json --json",
   "level": "trace"}],
 "inputs":
 [["RequestProject.TwoThirds:deps",
   [["deps",
     [["RequestProject/RequestProject:extraDep",
       [["@RequestProject:extraDep", "00000000000006bb"]]],
      ["imports",
       [["Mathlib transitive imports (legacy)", "a6990444ef58234f"],
        ["Mathlib:importAllArts", "8fc2a9ec06d95bdc"],
        ["RequestProject.Selling transitive imports (legacy)",
         "9fd507ef330a245a"],
        ["RequestProject.Selling:importAllArts", "d3ae47d164794adb"],
        ["RequestProject.SmallN transitive imports (legacy)",
         "2579b66e8e2cbf11"],
        ["RequestProject.SmallN:importAllArts", "e0ae9a7b1427e7bc"],
        ["RequestProject.TPSApprox transitive imports (legacy)",
         "cb98cc51ea599728"],
        ["RequestProject.TPSApprox:importAllArts", "ac11c22c0c9469df"],
        ["RequestProject.TwoThirdsCanonical transitive imports (legacy)",
         "f7a9aad0695f96c3"],
        ["RequestProject.TwoThirdsCanonical:importAllArts", "b77bc4799b74566e"],
        ["RequestProject.TwoThirdsLoss transitive imports (legacy)",
         "eaf14454b2cb9a3e"],
        ["RequestProject.TwoThirdsLoss:importAllArts", "31f4cf2d7417c2b2"],
        ["RequestProject.TwoThirdsLemma9 transitive imports (legacy)",
         "4c4ccc52b448019c"],
        ["RequestProject.TwoThirdsLemma9:importAllArts",
         "21181d6d32e43c75"]]]]],
    ["libs",
     [["import dynlibs", "00000000000006bb"],
      ["package external libraries", "00000000000006bb"],
      ["module dynlibs", "00000000000006bb"],
      ["module plugins", "00000000000006bb"]]]]],
  ["Lean 4.28.0, commit 7e01a1bf5c70fc6167d49c345d3bf80596e9a79b",
   "a96bc04a2e5e9630"],
  ["/Users/yotamg/Downloads/output-final_aristotle 9/RequestProject/TwoThirds.lean",
   "f7856eb7ead6d9bd"],
  ["options", "00000000000006bb"],
  ["Module.leanArgs: #[]", "00000000000006bb"]],
 "depHash": "633987b373cf9a2d"}