{"synthetic": false,
 "schemaVersion": "2025-09-10",
 "outputs":
 {"o": ["ce24fb8b83ee93b4.olean"],
  "i": "47bb3483e3f5f307.ilean",
  "c": "1f2a8d6b10905721.c"},
 "log":
 [{"message":
   ".> LEAN_PATH=/Users/yotamg/Downloads/output-final_aristotle 9/.lake/packages/Cli/.lake/build/lib/lean:/Users/yotamg/Downloads/output-final_aristotle 9/.lake/packages/batteries/.lake/build/lib/lean:/Users/yotamg/Downloads/output-final_aristotle 9/.lake/packages/Qq/.lake/build/lib/lean:/Users/yotamg/Downloads/output-final_aristotle 9/.lake/packages/aesop/.lake/build/lib/lean:/Users/yotamg/Downloads/output-final_aristotle 9/.lake/packages/proofwidgets/.lake/build/lib/lean:/Users/yotamg/Downloads/output-final_aristotle 9/.lake/packages/importGraph/.lake/build/lib/lean:/Users/yotamg/Downloads/output-final_aristotle 9/.lake/packages/LeanSearchClient/.lake/build/lib/lean:/Users/yotamg/Downloads/output-final_aristotle 9/.lake/packages/plausible/.lake/build/lib/lean:/Users/yotamg/Downloads/output-final_aristotle 9/.lake/packages/mathlib/.lake/build/lib/lean:/Users/yotamg/Downloads/output-final_aristotle 9/.lake/build/lib/lean /Users/yotamg/.elan/toolchains/leanprover--lean4---v4.28.0/bin/lean /Users/yotamg/Downloads/output-final_aristotle 9/RequestProject/TwoThirdsCanonical.lean -o /Users/yotamg/Downloads/output-final_aristotle 9/.lake/build/lib/lean/RequestProject/TwoThirdsCanonical.olean -i /Users/yotamg/Downloads/output-final_aristotle 9/.lake/build/lib/lean/RequestProject/TwoThirdsCanonical.ilean -c /Users/yotamg/Downloads/output-final_aristotle 9/.lake/build/ir/RequestProject/TwoThirdsCanonical.c --setup /Users/yotamg/Downloads/output-final_aristotle 9/.lake/build/ir/RequestProject/TwoThirdsCanonical.setup.json --json",
   "level": "trace"}],
 "inputs":
 [["RequestProject.TwoThirdsCanonical:deps",
   [["deps",
     [["RequestProject/RequestProject:extraDep",
       [["@RequestProject:extraDep", "00000000000006bb"]]],
      ["imports",
       [["Mathlib transitive imports (legacy)", "a6990444ef58234f"],
        ["Mathlib:importAllArts", "8fc2a9ec06d95bdc"],
        ["RequestProject.Selling transitive imports (legacy)",
         "9fd507ef330a245a"],
        ["RequestProject.Selling:importAllArts", "d3ae47d164794adb"],
        ["RequestProject.SmallN transitive imports (legacy)",
         "2579b66e8e2cbf11"],
        ["RequestProject.SmallN:importAllArts", "e0ae9a7b1427e7bc"],
        ["RequestProject.TPSApprox transitive imports (legacy)",
         "cb98cc51ea599728"],
        ["RequestProject.TPSApprox:importAllArts", "ac11c22c0c9469df"],
        ["RequestProject.TwoThirdsMatching transitive imports (legacy)",
         "9fd507ef330a245a"],
        ["RequestProject.TwoThirdsMatching:importAllArts",
         "42c5354f5bd97acd"]]]]],
    ["libs",
     [["import dynlibs", "00000000000006bb"],
      ["package external libraries", "00000000000006bb"],
      ["module dynlibs", "00000000000006bb"],
      ["module plugins", "00000000000006bb"]]]]],
  ["Lean 4.28.0, commit 7e01a1bf5c70fc6167d49c345d3bf80596e9a79b",
   "a96bc04a2e5e9630"],
  ["/Users/yotamg/Downloads/output-final_aristotle 9/RequestProject/TwoThirdsCanonical.lean",
   "c53aabbd6ed18cd1"],
  ["options", "00000000000006bb"],
  ["Module.leanArgs: #[]", "00000000000006bb"]],
 "depHash": "976677cc5dca6c3e"}