{"synthetic": false,
 "schemaVersion": "2025-09-10",
 "outputs":
 {"o": ["d74fdc943e3e726b.olean"],
  "i": "1ed290f55f5a13d6.ilean",
  "c": "28e245aa3901414d.c"},
 "log":
 [{"message":
   ".> LEAN_PATH=/Users/yotamg/Downloads/output-final_aristotle 9/.lake/packages/Cli/.lake/build/lib/lean:/Users/yotamg/Downloads/output-final_aristotle 9/.lake/packages/batteries/.lake/build/lib/lean:/Users/yotamg/Downloads/output-final_aristotle 9/.lake/packages/Qq/.lake/build/lib/lean:/Users/yotamg/Downloads/output-final_aristotle 9/.lake/packages/aesop/.lake/build/lib/lean:/Users/yotamg/Downloads/output-final_aristotle 9/.lake/packages/proofwidgets/.lake/build/lib/lean:/Users/yotamg/Downloads/output-final_aristotle 9/.lake/packages/importGraph/.lake/build/lib/lean:/Users/yotamg/Downloads/output-final_aristotle 9/.lake/packages/LeanSearchClient/.lake/build/lib/lean:/Users/yotamg/Downloads/output-final_aristotle 9/.lake/packages/plausible/.lake/build/lib/lean:/Users/yotamg/Downloads/output-final_aristotle 9/.lake/packages/mathlib/.lake/build/lib/lean:/Users/yotamg/Downloads/output-final_aristotle 9/.lake/build/lib/lean /Users/yotamg/.elan/toolchains/leanprover--lean4---v4.28.0/bin/lean /Users/yotamg/Downloads/output-final_aristotle 9/RequestProject/TwoThirdsDescent.lean -o /Users/yotamg/Downloads/output-final_aristotle 9/.lake/build/lib/lean/RequestProject/TwoThirdsDescent.olean -i /Users/yotamg/Downloads/output-final_aristotle 9/.lake/build/lib/lean/RequestProject/TwoThirdsDescent.ilean -c /Users/yotamg/Downloads/output-final_aristotle 9/.lake/build/ir/RequestProject/TwoThirdsDescent.c --setup /Users/yotamg/Downloads/output-final_aristotle 9/.lake/build/ir/RequestProject/TwoThirdsDescent.setup.json --json",
   "level": "trace"}],
 "inputs":
 [["RequestProject.TwoThirdsDescent:deps",
   [["deps",
     [["RequestProject/RequestProject:extraDep",
       [["@RequestProject:extraDep", "00000000000006bb"]]],
      ["imports",
       [["Mathlib transitive imports (legacy)", "a6990444ef58234f"],
        ["Mathlib:importAllArts", "8fc2a9ec06d95bdc"],
        ["RequestProject.Selling transitive imports (legacy)",
         "9fd507ef330a245a"],
        ["RequestProject.Selling:importAllArts", "d3ae47d164794adb"],
        ["RequestProject.TwoThirdsCanonical transitive imports (legacy)",
         "f7a9aad0695f96c3"],
        ["RequestProject.TwoThirdsCanonical:importAllArts", "b77bc4799b74566e"],
        ["RequestProject.TwoThirdsProp6 transitive imports (legacy)",
         "84a84f559a70da2f"],
        ["RequestProject.TwoThirdsProp6:importAllArts", "413159b6130bc2fe"],
        ["RequestProject.TwoThirdsGlue transitive imports (legacy)",
         "432eddc0862c9d47"],
        ["RequestProject.TwoThirdsGlue:importAllArts", "8a9b039a4a37dc60"]]]]],
    ["libs",
     [["import dynlibs", "00000000000006bb"],
      ["package external libraries", "00000000000006bb"],
      ["module dynlibs", "00000000000006bb"],
      ["module plugins", "00000000000006bb"]]]]],
  ["Lean 4.28.0, commit 7e01a1bf5c70fc6167d49c345d3bf80596e9a79b",
   "a96bc04a2e5e9630"],
  ["/Users/yotamg/Downloads/output-final_aristotle 9/RequestProject/TwoThirdsDescent.lean",
   "872f323ef22a9377"],
  ["options", "00000000000006bb"],
  ["Module.leanArgs: #[]", "00000000000006bb"]],
 "depHash": "165eb0e840b84541"}