{"synthetic": false,
 "schemaVersion": "2025-09-10",
 "outputs":
 {"o": ["3c209a73176f1ffc.olean"],
  "i": "d5b464fa19772f37.ilean",
  "c": "9a2551226d9f88b7.c"},
 "log":
 [{"message":
   ".> LEAN_PATH=/Users/yotamg/Downloads/output-final_aristotle 9/.lake/packages/Cli/.lake/build/lib/lean:/Users/yotamg/Downloads/output-final_aristotle 9/.lake/packages/batteries/.lake/build/lib/lean:/Users/yotamg/Downloads/output-final_aristotle 9/.lake/packages/Qq/.lake/build/lib/lean:/Users/yotamg/Downloads/output-final_aristotle 9/.lake/packages/aesop/.lake/build/lib/lean:/Users/yotamg/Downloads/output-final_aristotle 9/.lake/packages/proofwidgets/.lake/build/lib/lean:/Users/yotamg/Downloads/output-final_aristotle 9/.lake/packages/importGraph/.lake/build/lib/lean:/Users/yotamg/Downloads/output-final_aristotle 9/.lake/packages/LeanSearchClient/.lake/build/lib/lean:/Users/yotamg/Downloads/output-final_aristotle 9/.lake/packages/plausible/.lake/build/lib/lean:/Users/yotamg/Downloads/output-final_aristotle 9/.lake/packages/mathlib/.lake/build/lib/lean:/Users/yotamg/Downloads/output-final_aristotle 9/.lake/build/lib/lean /Users/yotamg/.elan/toolchains/leanprover--lean4---v4.28.0/bin/lean /Users/yotamg/Downloads/output-final_aristotle 9/RequestProject/TwoThirdsLoss.lean -o /Users/yotamg/Downloads/output-final_aristotle 9/.lake/build/lib/lean/RequestProject/TwoThirdsLoss.olean -i /Users/yotamg/Downloads/output-final_aristotle 9/.lake/build/lib/lean/RequestProject/TwoThirdsLoss.ilean -c /Users/yotamg/Downloads/output-final_aristotle 9/.lake/build/ir/RequestProject/TwoThirdsLoss.c --setup /Users/yotamg/Downloads/output-final_aristotle 9/.lake/build/ir/RequestProject/TwoThirdsLoss.setup.json --json",
   "level": "trace"}],
 "inputs":
 [["RequestProject.TwoThirdsLoss:deps",
   [["deps",
     [["RequestProject/RequestProject:extraDep",
       [["@RequestProject:extraDep", "00000000000006bb"]]],
      ["imports",
       [["Mathlib transitive imports (legacy)", "a6990444ef58234f"],
        ["Mathlib:importAllArts", "8fc2a9ec06d95bdc"],
        ["RequestProject.Selling transitive imports (legacy)",
         "9fd507ef330a245a"],
        ["RequestProject.Selling:importAllArts", "d3ae47d164794adb"],
        ["RequestProject.SmallN transitive imports (legacy)",
         "2579b66e8e2cbf11"],
        ["RequestProject.SmallN:importAllArts", "e0ae9a7b1427e7bc"],
        ["RequestProject.ThreeAgents transitive imports (legacy)",
         "79702369b5ab11fb"],
        ["RequestProject.ThreeAgents:importAllArts", "2a49b5bc5e294eaf"],
        ["RequestProject.TPSApprox transitive imports (legacy)",
         "cb98cc51ea599728"],
        ["RequestProject.TPSApprox:importAllArts", "ac11c22c0c9469df"],
        ["RequestProject.TwoThirdsCanonical transitive imports (legacy)",
         "f7a9aad0695f96c3"],
        ["RequestProject.TwoThirdsCanonical:importAllArts", "b77bc4799b74566e"],
        ["RequestProject.EquiMMS transitive imports (legacy)",
         "47a36717b49c2761"],
        ["RequestProject.EquiMMS:importAllArts", "ffcfc98823654f42"]]]]],
    ["libs",
     [["import dynlibs", "00000000000006bb"],
      ["package external libraries", "00000000000006bb"],
      ["module dynlibs", "00000000000006bb"],
      ["module plugins", "00000000000006bb"]]]]],
  ["Lean 4.28.0, commit 7e01a1bf5c70fc6167d49c345d3bf80596e9a79b",
   "a96bc04a2e5e9630"],
  ["/Users/yotamg/Downloads/output-final_aristotle 9/RequestProject/TwoThirdsLoss.lean",
   "7f65756bb1be091d"],
  ["options", "00000000000006bb"],
  ["Module.leanArgs: #[]", "00000000000006bb"]],
 "depHash": "b79c9327430d5010"}